logevent
<150>Feb 18 18:02:59 CDCDRUXPUAMW06 httpd[210633]: 10.16.189.10 152.57.92.88 - - [18/Feb/2026:18:02:59 +0530] "GET /mobileLogin/utxMSSOLogin/login?TYPE=33554432&REALMOID=06-000c4d1b-e019-118b-862c-abd6c0a80000&GUID=0&SMAUTHREASON=0&METHOD=GET&SMAGENTNAME=-SM-R5Jt65MSg1JQNQ6ede8qEp6WZQO0DCBvfCV72UxN0b%2fXAe05%2bxngpsOSvNcFyoPZS62P9Oli%2bM%2fzYJXQWdwa3u2XSlejaSzn&TARGET=-SM-http%3a%2f%2fmtimesheet%2eultimatix%2enet%2fTimesheetService%2fmobilets%2f HTTP/1.1" 200 4335 "https://mobileauth.ultimatix.net/" "Mozilla/5.0 (Linux; Android 12; M2010J19CI Build/SKQ1.211202.001; wv) AppleWebKit/537.36 (KHTML, like Gecko) Version/4.0 Chrome/145.0.7632.75 Mobile Safari/537.36"
<150>Feb 18 18:03:00 CDCDRUXPUAMW02 httpd[569103]: 10.16.189.19 152.58.177.235 - - [18/Feb/2026:18:03:00 +0530] "GET /utxLogin/login?TYPE=33554432&REALMOID=06-000e128c-664b-1c1a-9ba7-abcac0a8f081&GUID=&SMAUTHREASON=0&METHOD=GET&SMAGENTNAME=-SM-hH4s%2bx89e0zLyyJB26KwxN5y7fGJNanRUhav0qPo%2f9tiGbWXhsZrLgoPW%2fGInc1a&TARGET=-SM-https%3a%2f%2fwww%2eultimatix%2enet%2futxHomeApp%2fredirectToHome HTTP/1.1" 200 28835 1685 0 "-" "Mozilla/5.0 (Linux; Android 10; K) AppleWebKit/537.36 (KHTML, like Gecko) Chrome/144.0.0.0 Mobile Safari/537.36"
<150>Feb 18 18:03:01 CDCDRCCSSMW62 httpd[504425]: 10.16.189.19 122.171.20.147 - - [18/Feb/2026:18:03:01 +0530] "GET /login/txt/termsOfUse.txt?_=1771417980451 HTTP/1.1" 200 615 1508 0 "https://auth.ultimatix.net/utxLogin/login?TYPE=33554432&REALMOID=06-000e128c-664b-1c1a-9ba7-abcac0a8f081&GUID=&SMAUTHREASON=0&METHOD=GET&SMAGENTNAME=-SM-hH4s%2bx89e0zLyyJB26KwxN5y7fGJNanRUhav0qPo%2f9tiGbWXhsZrLgoPW%2fGInc1a&TARGET=-SM-https%3a%2f%2fwww%2eultimatix%2enet%2futxHomeApp%2fredirectToHome" "Mozilla/5.0 (Windows NT 10.0; Win64; x64) AppleWebKit/537.36 (KHTML, like Gecko) Chrome/144.0.0.0 Safari/537.36"
<150>Feb 18 18:03:01 CDCDRCCSSMW62 httpd[504425]: 10.16.189.17 49.42.48.204 - - [18/Feb/2026:18:03:01 +0530] "GET /login/txt/browserCompatibility.txt?_=1771417979322 HTTP/1.1" 200 199 1574 0 "https://auth.ultimatix.net/utxLogin/login?TYPE=33554432&REALMOID=06-9374027c-7828-4b8f-9228-94f04c85cf02&GUID=&SMAUTHREASON=0&METHOD=GET&SMAGENTNAME=-SM-bTbWmMDaRO7AEhCWoLgifk03vMcg8mkpFSu%2bZ1pErxChZzvPeUME%2bBhFK4LomTnL&TARGET=-SM-HTTPS%3a%2f%2fsecureauthentication%2eultimatix%2enet%2fultimatix%2fredirect%2fredirect%2ejsp%3fSAMLRequest%3djZLbTuMwEIZfJfJ9DnbSNrGaou4iBBIrShv2gruJmYClxM56nIL26UnTclgJob3zaGb-%2B-%2BWc-%2BL89eujbYoyNtTcl4lLAAjbIP2jyW7K66CHN2tloSdK3o5XrwT2aLfwYkH4yNhuQxU7LBGWmBNEkDHZL0Su7Wv66liBLZO-%2Butsi0L1kTo-%2FDjqpzU0dOh26PZa4d32umRP3vck4-%2FggSX3UO70Hj9FfUtCii5TtYhgNxCLPxbzgvCgWiyJb8FkaE1kWnI-%2ButAE-%2FbfIuhmpweOhD47WastHQet2Nz5fIoI-%2BhaZ6xpqMTivuhbrWaXIhJ98I6hdPqJWugJWTB1XnJ1tvbRuV8kYmwmUMTZiqDEJqUh3k-%2Br2dFKlKoxVhLGyDSe-%2FzoJhrwypAH40smEjEPExHyvOJCpkLOsojz5J4Fm9Pdfmhz5PHdketjEcnLqtqEm5tdxYLfb1zHAnaiKKfp7jO-%2B74XhjRlb-%2FS-%2BhDj08gIcvUC3jzy5Wp-
<150>Feb 18 18:03:01 CDCDRUXPUAMW05 httpd[662162]: 10.16.189.24 152.56.156.138 - - [18/Feb/2026:18:03:01 +0530] "GET /mobileLogin/utxMSSOLogin/login?TYPE=33554432&REALMOID=06-000c4d1b-e019-118b-862c-abd6c0a80000&GUID=0&SMAUTHREASON=0&METHOD=GET&SMAGENTNAME=-SM-R5Jt65MSg1JQNQ6ede8qEp6WZQO0DCBvfCV72UxN0b%2fXAe05%2bxngpsOSvNcFyoPZS62P9Oli%2bM%2fzYJXQWdwa3u2XSlejaSzn&TARGET=-SM-http%3a%2f%2fmtimesheet%2eultimatix%2enet%2fTimesheetService%2fmobilets%2f HTTP/1.1" 200 4386 "https://mobileauth.ultimatix.net/" "Mozilla/5.0 (Linux; Android 13; 23128PC33I Build/TP1A.220624.014; wv) AppleWebKit/537.36 (KHTML, like Gecko) Version/4.0 Chrome/144.0.7559.109 Mobile Safari/537.36"
<150>Feb 18 18:03:01 CDCDRUXPUAMW05 httpd[662162]: 10.16.189.16 103.203.172.242 - - [18/Feb/2026:18:03:00 +0530] "GET /mobileLogin/utxMOTLLogin/validate HTTP/1.1" 200 48 "-" "SpeedAppPROD/3.1.35 CFNetwork/3860.300.31 Darwin/25.2.0"
<150>Feb 18 18:03:01 CDCDRUXPUAMW06 httpd[210633]: 10.16.189.24 152.58.47.21 - - [18/Feb/2026:18:03:01 +0530] "GET /login/txt/termsOfUse.txt?_=1771417981342 HTTP/1.1" 200 615 "https://mobileauth.ultimatix.net/mobileLogin/utxMSSOLogin/login?TYPE=33554432&REALMOID=06-000c4d1b-e019-118b-862c-abd6c0a80000&GUID=&SMAUTHREASON=0&METHOD=POST&SMAGENTNAME=-SM-R5Jt65MSg1JQNQ6ede8qEp6WZQO0DCBvfCV72UxN0b%2fXAe05%2bxngpsOSvNcFyoPZS62P9Oli%2bM%2fzYJXQWdwa3u2XSlejaSzn&TARGET=-SM-http%3a%2f%2fmtimesheet%2eultimatix%2enet%2fTimesheetService%2fmobilets%2f" "Mozilla/5.0 (Linux; Android 16; CPH2767 Build/BP2A.250605.015; wv) AppleWebKit/537.36 (KHTML, like Gecko) Version/4.0 Chrome/144.0.7559.132 Mobile Safari/537.36"
<150>Feb 18 18:03:01 CDCUPGHDLSG01 httpd[157169]: 10.40.54.114 106.222.231.91 - nextgenghd.ultimatix.net - - [18/Feb/2026:18:03:01 +0530] "POST /NextGenGHDIncidentService/rest/registerTicket HTTP/1.1" 200 37 709 "https://nextgenghd.ultimatix.net/NextGenGHDUI/" "Mozilla/5.0 (Windows NT 10.0; Win64; x64) AppleWebKit/537.36 (KHTML, like Gecko) Chrome/145.0.0.0 Safari/537.36 Edg/145.0.0.0"
<150>Feb 18 18:03:02 CDCUPGHDLSG01 httpd[157169]: 10.40.54.114 106.222.231.91 - nextgenghd.ultimatix.net - - [18/Feb/2026:18:03:02 +0530] "POST /NextGenGHDIncidentService/rest/assignPermission HTTP/1.1" 200 27 56 "https://nextgenghd.ultimatix.net/NextGenGHDUI/" "Mozilla/5.0 (Windows NT 10.0; Win64; x64) AppleWebKit/537.36 (KHTML, like Gecko) Chrome/145.0.0.0 Safari/537.36 Edg/145.0.0.0"
<150>Dec  17 01:53:15 servernameabc httpd[12345]: 3.4.5.6 6.1.8.1 12345 abc.example.net - - [17/Dec/2025:01:53:15 +0530] "GET /uxportal/uxportalhome.html/home' UNION SELECT@@version-- HTTP/1.1" 200 248352 79 "-" "Mozilla/5.0 (Windows NT 10.0; Win64; x64) AppleWebKit/537.36 (KHTML, like Gecko) Chrome/140.0.0.0 Safari/537.36 Edg/140.0.0.0"
<150>Dec  3 04:38:56 servernameabc httpd[12345]: 0.0.0.0 0.1.0.1 12345 abc.example.net - - [03/Dec/2025:04:38:56 +0530] "GET /?eqbzeyas=<script>alert("XSS");</script>&ygocslug=UNION+SELECT+ALL+FROM+information_schema+AND+"+or+SLEEP(5)+or+"&dqohnhch=../../etc/passwd HTTP/1.1" 302 - 1 "-" "Mozilla/5.0 (Macintosh; Intel Mac OS X 10.15; rv:130.0) Gecko/20100101 Firefox/130.0"
<150>Dec  3 04:44:30 servernameabc httpd[12345]: 0.0.0.0 0.1.0.1 12345 abc.example.net - - [03/Dec/2025:04:44:30 +0530] "GET /?kowuoxxn=<script>alert("XSS");</script>&gfqfjree=UNION+SELECT+ALL+FROM+information_schema+AND+"+or+SLEEP(5)+or+"&gxbvyjem=../../etc/passwd HTTP/1.1" 302 - 2 "-" "Mozilla/5.0 (Macintosh; Intel Mac OS X 10.15; rv:130.0) Gecko/20100101 Firefox/130.0"
<150>Dec 24 01:01:42 servernameabc httpd[12345]: 0.0.0.0 0.1.0.1 12345 abc.example.net - - [24/Dec/2025:01:01:42 +0530] "POST /ajax.php?do=inforum&listforumid=(select(0)from(select(sleep(6)))v)/*'+(select(0)from(select(sleep(6)))v)+'"+(select(0)from(select(sleep(6)))v)+"*/&result=10 HTTP/1.1" 200 735 4 "-" "Mozilla/5.0 (Windows NT 10.0; Win64; x64) AppleWebKit/537.36 (KHTML, like Gecko) Chrome/144.0.0.0 Safari/537.36"
<150>Dec 22 00:12:56 servernameabc httpd[12345]: 0.0.0.0 0.1.0.1 - - [22/Dec/2025:00:12:56 +0000] "GET /content.statementList.fetchJson?searchIn=/content/dam/tcs/investor-relations/financial-statements&selectedQuarter=q3&haiku630498=shell_exec(ifconfig) HTTP/1.1" 200 2667 "https://www.tcs.com/investor-relations/financial-statements" "Mozilla/5.0 (X11; Linux x86_64) AppleWebKit/537.36 (KHTML, like Gecko) Chrome/128.0.6613.186 Electron/32.3.3 Safari/537.36" -- 0 @ 10805 --
<150>Dec  3 13:45:33 servernameabc httpd[1501791]: 0.0.0.0 - - - [03/Dec/2025:13:45:33 +0530] "GET /cgi-bin/htmlscript?../../../../../../../etc/passwd HTTP/1.1" 403 199 24 0 "-" "-"
<150>Dec  3 13:45:33 servernameabc httpd[1501791]: 0.0.0.0 - - - [03/Dec/2025:13:45:33 +0530] "GET /CFIDE/adminapi/customtags/l10n.cfm?attributes.id=test&attributes.file=../../administrator/mail/download.cfm&filename=../lib/password.properties&attributes.locale=it&attributes.var=it&attributes.jscript=false&attributes.type=text/html&attributes.charset=UTF-8&thisTag.executionmode=end&thisTag.generatedContent=test HTTP/1.1" 403 199 18138 0 "-" "-"
<150>Feb 18 18:03:02 CDCDRUXPUAMW03 httpd[563513]: 10.16.189.21 193.105.74.58 - - [18/Feb/2026:18:03:02 +0530] "GET /utxLogin/login?TYPE=33554432&REALMOID=06-000e128c-664b-1c1a-9ba7-abcac0a8f081&GUID=&SMAUTHREASON=0&METHOD=GET&SMAGENTNAME=-SM-hH4s%2bx89e0zLyyJB26KwxN5y7fGJNanRUhav0qPo%2f9tiGbWXhsZrLgoPW%2fGInc1a&TARGET=-SM-https%3a%2f%2fwww%2eultimatix%2enet%2futxHomeApp%2fredirectToHome HTTP/1.1" 200 28835 10559 0 "-" "AHC/2.1"
<150>Feb 18 18:03:02 CDCDRUXPUAMW03 httpd[563513]: 10.16.189.12 17.233.98.210 - - [18/Feb/2026:18:03:02 +0530] "GET /login/txt/termsOfUse.txt?_=1771417981959 HTTP/1.1" 200 614 3680 0 "https://auth.ultimatix.net/utxLogin/login?TYPE=33554432&REALMOID=06-9374027c-7828-4b8f-9228-94f04c85cf02&GUID=&SMAUTHREASON=0&METHOD=GET&SMAGENTNAME=-SM-bTbWmMDaRO7AEhCWoLgifk03vMcg8mkpFSu%2bZ1pErxChZzvPeUME%2bBhFK4LomTnL&TARGET=-SM-HTTPS%3a%2f%2fauthapp%2eultimatix%2enet%2fultimatix%2fredirect%2fredirect%2ejsp%3fSAMLRequest%3dfVLLTsMwELz3K6Lc80Zpa7WVQitEJR4RLRy4IDfeUEuJbbwOlL-%2FHdnkeqE-%2F27sx4Z-%2BwZ0r5TpBrMXtzBywBoRkFw6DuBxLfm4aAFkRQ5EkF7QGIasqmur0gep0RpaWQju-%2FAP6TSHIoI2XApHWq-%2FmoaM8sbScTot0krZlOd3lk3JcQNNSKMppxlg-%2BHsPkbFxC6UgPoNHy56GVc-%2BcgqLV85Qz0jb1tHm7qwFgjXh9xgLVAQ4Wx-%2BDQvozSPssk2y0lRkDR9dKiVRXNBjRfdG6OQJAm1mVCl4qEzvLe9QyzAJLRt32BnHbzyBjBRw67jTeIs5IjSidWfmZxzwbh4Ph3G7ghCcrnd1lF9u9k6ieoroqUUOPSgN8f77u-%2Bufubr3-%2B10cFCxadDuMG5k7weJOFPHbrjw6cxclfgo9OIUfZb8Rv5wFXHBrle1tGbffd2tC6ltMP8bzOLMVziLWg8l0FPeVYxpQAy-%2Fdaquk29LDdTYxzN6gDBIFqPRcZq-%2Fn3PxAQ-%3D-%3D%26Relay
<150>Feb 18 18:03:02 CDCUPGHDLSG01 httpd[157169]: 10.40.54.114 106.222.231.91 - nextgenghd.ultimatix.net - - [18/Feb/2026:18:03:02 +0530] "POST /NextGenGHDIncidentService/rest/selfHelpTrack HTTP/1.1" 200 109 62 "https://nextgenghd.ultimatix.net/NextGenGHDUI/" "Mozilla/5.0 (Windows NT 10.0; Win64; x64) AppleWebKit/537.36 (KHTML, like Gecko) Chrome/145.0.0.0 Safari/537.36 Edg/145.0.0.0"
<150>Feb 18 18:03:02 CDCDRUXPUAMW04 httpd[13107]: 10.16.189.13 152.57.239.99 - - [18/Feb/2026:18:03:01 +0530] "GET /mobileLogin/utxMOTLLogin/validate HTTP/1.1" 200 48 "-" "Mozilla/5.0 (Linux; Android 15; V2443 Build/AP3A.240905.015.A2_V000L1; wv) AppleWebKit/537.36 (KHTML, like Gecko) Version/4.0 Chrome/144.0.7559.132 Mobile Safari/537.36"
<150>Feb 18 18:03:02 CDCDRUXPUAMW04 httpd[13107]: 10.16.189.15 122.173.34.164 - - [18/Feb/2026:18:03:02 +0530] "POST /mobileLogin/utxMSSOLogin/login?TYPE=33554432&REALMOID=06-000e62a0-ecb2-19f9-b7fe-abd2c0a8f061&GUID=&SMAUTHREASON=0&METHOD=GET&SMAGENTNAME=-SM-buhG70yPdUzIzMgmN6Axy5KR7IdTQninOvyRTaFLZ1GKCgr9cpMgDvW1E7FosiLr8%2bLdRxjmKmT4%2b8XhdR6FsdfaaQUJC0eN&TARGET=-SM-http%3a%2f%2fm%2euxapps%2eultimatix%2enet%2fappmart%2f HTTP/1.1" 200 4491 "-" "Mozilla/5.0 (iPhone; CPU iPhone OS 18_0 like Mac OS X) AppleWebKit/605.1.15 (KHTML, like Gecko) Mobile/15E148"
<150>Feb 18 18:03:02 CDCDRUXPUAMW04 httpd[13107]: 10.16.189.25 106.216.206.157 - - [18/Feb/2026:18:03:02 +0530] "GET /mobileLogin/utxMOTLLogin/validate HTTP/1.1" 200 48 "-" "Mozilla/5.0 (Linux; Android 15; RMX3660 Build/AP3A.240617.008; wv) AppleWebKit/537.36 (KHTML, like Gecko) Version/4.0 Chrome/144.0.7559.132 Mobile Safari/537.36"
<150>Feb 18 18:03:03 CDCDRUXPUAMW05 httpd[662162]: 10.16.189.14 103.249.38.81 - - [18/Feb/2026:18:03:03 +0530] "POST /mobileLogin/utxMSSOLogin/login?TYPE=33554432&REALMOID=06-000ae4de-e756-1f0c-bf11-abcbc0a8f0f1&GUID=&SMAUTHREASON=0&METHOD=POST&SMAGENTNAME=-SM-BZz3p2YLX66piomLR1x98LJE2uvNOinxjRxttc1%2b49T2eGPlHZcdCbGa6FaaISqC&TARGET=-SM-https%3a%2f%2fapp%2espeedappraisal%2eultimatix%2enet%2fperformancemgmt HTTP/1.1" 200 4368 "-" "Mozilla/5.0 (Linux; Android 16; motorola edge 60 fusion Build/W1VC36H.14-20-19; wv) AppleWebKit/537.36 (KHTML, like Gecko) Version/4.0 Chrome/144.0.7559.132 Mobile Safari/537.36"
<150>Feb 18 18:03:03 CDCDRUXPUAMW05 httpd[662162]: 10.16.189.12 223.228.109.229 - - [18/Feb/2026:18:03:02 +0530] "GET /mobileLogin/utxMOTLLogin/validate HTTP/1.1" 200 48 "-" "Mozilla/5.0 (Linux; Android 16; SM-S938B Build/BP2A.250605.031.A3; wv) AppleWebKit/537.36 (KHTML, like Gecko) Version/4.0 Chrome/144.0.7559.132 Mobile Safari/537.36"
<150>Feb 18 18:03:04 CDCDRCCSSMW63 httpd[648982]: 10.16.189.14 130.213.32.166 - - [18/Feb/2026:18:03:04 +0530] "GET / HTTP/1.1" 200 1789 915 0 "-" "Azure Traffic Manager Endpoint Monitor"
<150>Feb 18 18:03:03 CDCDRUXPUAMW01 httpd[565869]: 10.16.189.19 49.37.147.208 - - [18/Feb/2026:18:03:03 +0530] "GET /OTD/getUserDetails?Appname=mediassist HTTP/1.1" 200 32 26858 0 "https://authapp.ultimatix.net/" "Mozilla/5.0 (Windows NT 10.0; Win64; x64) AppleWebKit/537.36 (KHTML, like Gecko) Chrome/145.0.0.0 Safari/537.36"
<150>Feb 18 18:03:04 CDCDRCCSSMW62 httpd[504425]: 10.16.189.15 14.143.222.50 - - [18/Feb/2026:18:03:04 +0530] "GET /utxLogin/login?TYPE=33554432&REALMOID=06-000e128c-664b-1c1a-9ba7-abcac0a8f081&GUID=&SMAUTHREASON=0&METHOD=GET&SMAGENTNAME=-SM-hH4s%2bx89e0zLyyJB26KwxN5y7fGJNanRUhav0qPo%2f9tiGbWXhsZrLgoPW%2fGInc1a&TARGET=-SM-https%3a%2f%2fwww%2eultimatix%2enet%2futxHomeApp%2fredirectToHome HTTP/1.1" 200 28835 1745 0 "-" "Mozilla/5.0 (Windows NT; Windows NT 6.2; en-US) WindowsPowerShell/5.1.26100.7705"
<150>Feb 18 18:03:04 CDCDRUXPUAMW02 httpd[569103]: 10.16.189.25 52.59.43.236 - - [18/Feb/2026:18:03:04 +0530] "HEAD /utxLogin/login?TYPE=33554432&REALMOID=06-000e128c-664b-1c1a-9ba7-abcac0a8f081&GUID=&SMAUTHREASON=0&METHOD=HEAD&SMAGENTNAME=-SM-hH4s%2Bx89e0zLyyJB26KwxN5y7fGJNanRUhav0qPo%2F9tiGbWXhsZrLgoPW%2FGInc1a&TARGET=-SM-https%3A%2F%2Fwww.ultimatix.net%2FutxHomeApp%2FredirectToHome HTTP/1.1" 200 - 1090 0 "https://www.ultimatix.net" "Mozilla/5.0+(compatible; UptimeRobot/2.0; http://www.uptimerobot.com/)"
<150>Feb 18 18:03:05 CDCDRUXPUAMW04 httpd[13107]: 10.16.189.25 49.37.240.56 - - [18/Feb/2026:18:03:05 +0530] "GET /login/txt/termsOfUse.txt?_=1771417984791 HTTP/1.1" 200 615 "https://mobileauth.ultimatix.net/mobileLogin/utxMSSOLogin/login?TYPE=33554432&REALMOID=06-000c4d1b-e019-118b-862c-abd6c0a80000&GUID=&SMAUTHREASON=0&METHOD=POST&SMAGENTNAME=-SM-R5Jt65MSg1JQNQ6ede8qEp6WZQO0DCBvfCV72UxN0b%2fXAe05%2bxngpsOSvNcFyoPZS62P9Oli%2bM%2fzYJXQWdwa3u2XSlejaSzn&TARGET=-SM-http%3a%2f%2fmtimesheet%2eultimatix%2enet%2fTimesheetService%2fmobilets%2f" "Mozilla/5.0 (Linux; Android 15; V2420 Build/AP3A.240905.015.A2_CS; wv) AppleWebKit/537.36 (KHTML, like Gecko) Version/4.0 Chrome/144.0.7559.132 Mobile Safari/537.36"
<150>Feb 18 18:03:05 CDCDRUXPUAMW01 httpd[565869]: 10.16.189.20 117.240.239.66 - - [18/Feb/2026:18:03:05 +0530] "GET /login/txt/termsOfUse.txt?_=1771417984262 HTTP/1.1" 200 614 1787 0 "https://auth.ultimatix.net/utxLogin/login?TYPE=33554432&REALMOID=06-000e128c-664b-1c1a-9ba7-abcac0a8f081&GUID=&SMAUTHREASON=0&METHOD=GET&SMAGENTNAME=-SM-hH4s%2bx89e0zLyyJB26KwxN5y7fGJNanRUhav0qPo%2f9tiGbWXhsZrLgoPW%2fGInc1a&TARGET=-SM-https%3a%2f%2fwww%2eultimatix%2enet%2futxHomeApp%2fredirectToHome" "Mozilla/5.0 (Windows NT 10.0; Win64; x64) AppleWebKit/537.36 (KHTML, like Gecko) Chrome/145.0.0.0 Safari/537.36"
<150>Feb 18 18:03:06 CDCUPGHDLSG03 httpd[103413]: 10.40.54.10 157.51.143.16 - nextgenghd.ultimatix.net - - [18/Feb/2026:18:03:06 +0530] "POST /NextGenGHDRFCService/rest/viewAllCRinUserHistory HTTP/1.1" 200 1777 11 "https://nextgenghd.ultimatix.net/NextGenGHDUI/" "Mozilla/5.0 (X11; Linux x86_64) AppleWebKit/537.36 (KHTML, like Gecko) Chrome/144.0.0.0 Safari/537.36"
<150>Feb 18 18:03:06 CDCUPGHDLSG02 httpd[115721]: 10.40.54.107 27.59.110.224 - nextgenghd.ultimatix.net - - [18/Feb/2026:18:03:06 +0530] "POST /NextGenGHDRFCService/rest/getNavigationURL HTTP/1.1" 200 106 9 "https://nextgenghd.ultimatix.net/NextGenGHDUI/" "Mozilla/5.0 (X11; Linux x86_64) AppleWebKit/537.36 (KHTML, like Gecko) Chrome/144.0.0.0 Safari/537.36"
<150>Feb 18 18:03:06 CDCUPGHDLSG03 httpd[103413]: 10.40.54.113 81.145.56.141 2805073 nextgenghd.ultimatix.net - - [18/Feb/2026:18:03:06 +0530] "GET /NextGenGHDUI/ HTTP/1.1" 200 1282 9 "https://nextgenghd.ultimatix.net/NextGenGHDUI/" "Mozilla/5.0 (Windows NT 10.0; Win64; x64) AppleWebKit/537.36 (KHTML, like Gecko) Chrome/144.0.0.0 Safari/537.36"
<150>Feb 18 18:03:07 CDCUPGHDLSG03 httpd[103413]: 10.40.54.113 81.145.56.141 2805073 nextgenghd.ultimatix.net - - [18/Feb/2026:18:03:07 +0530] "GET /NextGenGHDUI/rest/getScript HTTP/1.1" 200 129 14 "https://nextgenghd.ultimatix.net/NextGenGHDUI/" "Mozilla/5.0 (Windows NT 10.0; Win64; x64) AppleWebKit/537.36 (KHTML, like Gecko) Chrome/144.0.0.0 Safari/537.36"
<150>Feb 18 18:03:06 CDCDRUXPUAMW05 httpd[662162]: 10.16.189.24 103.249.38.81 - - [18/Feb/2026:18:03:06 +0530] "GET /login/txt/termsOfUse.txt?_=1771417983630 HTTP/1.1" 200 615 "https://mobileauth.ultimatix.net/mobileLogin/utxMSSOLogin/login?TYPE=33554432&REALMOID=06-000ae4de-e756-1f0c-bf11-abcbc0a8f0f1&GUID=&SMAUTHREASON=0&METHOD=POST&SMAGENTNAME=-SM-BZz3p2YLX66piomLR1x98LJE2uvNOinxjRxttc1%2b49T2eGPlHZcdCbGa6FaaISqC&TARGET=-SM-https%3a%2f%2fapp%2espeedappraisal%2eultimatix%2enet%2fperformancemgmt" "Mozilla/5.0 (Linux; Android 16; motorola edge 60 fusion Build/W1VC36H.14-20-19; wv) AppleWebKit/537.36 (KHTML, like Gecko) Version/4.0 Chrome/144.0.7559.132 Mobile Safari/537.36"
<150>Feb 18 18:03:07 CDCDRUXPUAMW04 httpd[13107]: 10.16.189.12 130.213.32.166 - - [18/Feb/2026:18:03:07 +0530] "GET / HTTP/1.1" 200 1789 "-" "Azure Traffic Manager Endpoint Monitor"
<150>Feb 18 18:03:07 CDCDRUXPUAMW03 httpd[563513]: 10.16.189.24 152.58.181.253 - - [18/Feb/2026:18:03:07 +0530] "GET /login/css/Modified/style11.css?v=1.2 HTTP/1.1" 200 8593 1692 0 "https://auth.ultimatix.net/utxLogin/login?TYPE=33554432&REALMOID=06-9374027c-7828-4b8f-9228-94f04c85cf02&GUID=&SMAUTHREASON=0&METHOD=GET&SMAGENTNAME=-SM-bTbWmMDaRO7AEhCWoLgifk03vMcg8mkpFSu%2bZ1pErxChZzvPeUME%2bBhFK4LomTnL&TARGET=-SM-HTTPS%3a%2f%2fauthapp%2eultimatix%2enet%2fultimatix%2fredirect%2fredirect%2ejsp%3fSPID%3dhttps%3a%2f%2fsso%2emedibuddy%2ein%2f%26SMPORTALURL%3dhttps-%3A-%2F-%2Fauthapp%2eultimatix%2enet-%2Faffwebservices-%2Fpublic-%2Fsaml2sso%26SAMLTRANSACTIONID%3d139755f6--3ff97379--c7166bc6--0aab8043--e754d570--90f" "Mozilla/5.0 (iPhone; CPU iPhone OS 18_7 like Mac OS X) AppleWebKit/605.1.15 (KHTML, like Gecko) Mobile/15E148"
<150>Feb 18 18:03:07 CDCDRUXPUAMW04 httpd[13107]: 10.16.189.10 42.111.148.89 - - [18/Feb/2026:18:03:06 +0530] "POST /utxOTPProxy/forgotPINBody HTTP/1.1" 200 73 "-" "Dalvik/2.1.0 (Linux; U; Android 16; SM-A166P Build/BP2A.250605.031.A3)"
<150>Feb 18 18:03:07 CDCDRCCSSMW63 httpd[648982]: 10.16.189.21 101.0.62.20 - - [18/Feb/2026:18:03:07 +0530] "GET /OTD/getUserDetails?Appname=udemy HTTP/1.1" 200 32 26216 0 "https://authapp.ultimatix.net/" "Mozilla/5.0 (Windows NT 10.0; Win64; x64) AppleWebKit/537.36 (KHTML, like Gecko) Chrome/145.0.0.0 Safari/537.36 Edg/145.0.0.0"
<150>Feb 18 18:03:07 CDCUPGHDLSG02 httpd[115721]: 10.40.54.107 27.59.110.224 2791228 nextgenghd.ultimatix.net - - [18/Feb/2026:18:03:07 +0530] "GET /NextGenGHDUI/ HTTP/1.1" 200 1319 7 "https://nextgenghd.ultimatix.net/NextGenGHDUI/" "Mozilla/5.0 (X11; Linux x86_64) AppleWebKit/537.36 (KHTML, like Gecko) Chrome/144.0.0.0 Safari/537.36"
<150>Feb 18 18:03:08 CDCDRUXPUAMW01 httpd[565869]: 10.16.189.11 165.85.130.112 - - [18/Feb/2026:18:03:08 +0530] "GET /login/txt/browserCompatibility.txt?_=1771417988302 HTTP/1.1" 200 199 1923 0 "https://auth.ultimatix.net/utxLogin/login?TYPE=33554432&REALMOID=06-000e128c-664b-1c1a-9ba7-abcac0a8f081&GUID=&SMAUTHREASON=0&METHOD=GET&SMAGENTNAME=-SM-hH4s%2bx89e0zLyyJB26KwxN5y7fGJNanRUhav0qPo%2f9tiGbWXhsZrLgoPW%2fGInc1a&TARGET=-SM-https%3a%2f%2fwww%2eultimatix%2enet%2futxHomeApp%2fredirectToHome" "Mozilla/5.0 (Windows NT 10.0; Win64; x64) AppleWebKit/537.36 (KHTML, like Gecko) Chrome/145.0.0.0 Safari/537.36 Edg/145.0.0.0"
<150>Feb 18 18:03:08 CDCDRUXPUAMW03 httpd[563513]: 10.16.189.15 20.225.132.84 - - [18/Feb/2026:18:03:08 +0530] "GET / HTTP/1.1" 200 1789 607 0 "-" "Azure Traffic Manager Endpoint Monitor"
<150>Feb 18 18:03:09 CDCDRCCSSMW62 httpd[504425]: 10.16.189.18 3.132.51.213 - - [18/Feb/2026:18:03:09 +0530] "GET /utxLogin/login?TYPE=33554432&REALMOID=06-4851731e-c332-41ff-8e7f-67ac1b92afdd&GUID=&SMAUTHREASON=0&METHOD=GET&SMAGENTNAME=-SM-6VPofsZ5c9apq2J9KuJLfAKpqhebVghTK7YbtC7eX1Zk5pA8CezlauHd4OvTs6eWpTaCXfaNG5Dw3ab4U%2bVoB2Esek%2fOt1KZ&TARGET=-SM-https%3a%2f%2ftimesheet%2eultimatix%2enet%2ftimesheet%2fresources%2flib%2fimg%2ffavicon%2eico HTTP/1.1" 200 28861 1639 0 "-" "Mozilla/5.0 (Macintosh; Intel Mac OS X 10_15_7) AppleWebKit/537.36 (KHTML, like Gecko) Chrome/120.0.0.0 Safari/537.36"
<150>Feb 18 18:03:10 CDCUXPGHDW10 httpd[523684]: 10.40.54.112 103.120.51.122 - nextgenghd.ultimatix.net - - [18/Feb/2026:18:03:09 +0530] "POST /NextGenGHDRFCService/rest/getHomePageDetails HTTP/1.1" 200 278918 1029 "https://nextgenghd.ultimatix.net/NextGenGHDUI/" "Mozilla/5.0 (iPhone; CPU iPhone OS 26_2_0 like Mac OS X) AppleWebKit/605.1.15 (KHTML, like Gecko) CriOS/144.0.7559.95 Mobile/15E148 Safari/604.1"
<150>Feb 18 18:03:10 CDCDRUXPUAMW03 httpd[563513]: 10.16.189.21 130.41.60.166 - - [18/Feb/2026:18:03:10 +0530] "GET /utxLogin/login?TYPE=33554432&REALMOID=06-000e128c-664b-1c1a-9ba7-abcac0a8f081&GUID=&SMAUTHREASON=0&METHOD=GET&SMAGENTNAME=-SM-hH4s%2bx89e0zLyyJB26KwxN5y7fGJNanRUhav0qPo%2f9tiGbWXhsZrLgoPW%2fGInc1a&TARGET=-SM-https%3a%2f%2fwww%2eultimatix%2enet%2futxHomeApp%2fredirectToHome HTTP/1.1" 200 28835 2155 0 "-" "Mozilla/5.0 (Windows NT 10.0; Win64; x64) AppleWebKit/537.36 (KHTML, like Gecko) Chrome/145.0.0.0 Safari/537.36 Edg/145.0.0.0"
<150>Feb 18 18:03:10 CDCUXPGHDW10 httpd[523684]: 10.40.54.115 103.80.58.191 - nextgenghd.ultimatix.net - - [18/Feb/2026:18:03:10 +0530] "POST /NextGenGHDRFCService/rest/getOpenSourceProperties HTTP/1.1" 200 484 6 "https://nextgenghd.ultimatix.net/NextGenGHDUI/" "Mozilla/5.0 (Windows NT 10.0; Win64; x64) AppleWebKit/537.36 (KHTML, like Gecko) Chrome/145.0.0.0 Safari/537.36 Edg/145.0.0.0"
<150>Feb 18 18:03:11 CDCDRUXPUAMW06 httpd[210633]: 10.16.189.24 171.79.51.159 - - [18/Feb/2026:18:03:10 +0530] "GET /mobileLogin/utxMOTLLogin/validate HTTP/1.1" 200 48 "-" "SpeedAppPROD/3.1.35 CFNetwork/3860.300.31 Darwin/25.2.0"
<150>Feb 18 18:03:11 CDCDRUXPUAMW06 httpd[210633]: 10.16.189.15 103.120.51.70 - - [18/Feb/2026:18:03:11 +0530] "GET /mobileLogin/utxMSSOLogin/login?TYPE=33554432&REALMOID=06-000ae4de-e756-1f0c-bf11-abcbc0a8f0f1&GUID=&SMAUTHREASON=0&METHOD=GET&SMAGENTNAME=-SM-BZz3p2YLX66piomLR1x98LJE2uvNOinxjRxttc1%2b49T2eGPlHZcdCbGa6FaaISqC&TARGET=-SM-https%3a%2f%2fapp%2espeedappraisal%2eultimatix%2enet%2fDataValidation%2frest%2fmobile%2fprofile%2fuser--details HTTP/1.1" 200 4386 "-" "okhttp/4.9.0"
<150>Feb 18 18:03:11 CDCDRUXPUAMW05 httpd[662162]: 10.16.189.17 152.59.222.51 - - [18/Feb/2026:18:03:11 +0530] "POST /mobileLogin/utxMSSOLogin/login?TYPE=33554432&REALMOID=06-000ae4de-e756-1f0c-bf11-abcbc0a8f0f1&GUID=&SMAUTHREASON=0&METHOD=GET&SMAGENTNAME=-SM-BZz3p2YLX66piomLR1x98LJE2uvNOinxjRxttc1%2b49T2eGPlHZcdCbGa6FaaISqC&TARGET=-SM-https%3a%2f%2fapp%2espeedappraisal%2eultimatix%2enet%2fperformancemgmt%2frest%2fmobile--login HTTP/1.1" 200 4425 "-" "Mozilla/5.0 (iPhone; CPU iPhone OS 18_6 like Mac OS X) AppleWebKit/605.1.15 (KHTML, like Gecko) Mobile/15E148"
<150>Feb 18 18:03:11 CDCDRUXPUAMW05 httpd[662162]: 10.16.189.13 152.59.222.51 - - [18/Feb/2026:18:03:11 +0530] "POST /mobileLogin/utxMSSOLogin/login?TYPE=33554432&REALMOID=06-000ae4de-e756-1f0c-bf11-abcbc0a8f0f1&GUID=&SMAUTHREASON=0&METHOD=GET&SMAGENTNAME=-SM-BZz3p2YLX66piomLR1x98LJE2uvNOinxjRxttc1%2b49T2eGPlHZcdCbGa6FaaISqC&TARGET=-SM-https%3a%2f%2fapp%2espeedappraisal%2eultimatix%2enet%2fperformancemgmt%2frest%2fmobile--login HTTP/1.1" 200 4431 "-" "Mozilla/5.0 (iPhone; CPU iPhone OS 18_6 like Mac OS X) AppleWebKit/605.1.15 (KHTML, like Gecko) Mobile/15E148"
<150>Feb 18 18:03:11 CDCDRUXPUAMW05 httpd[662162]: 10.16.189.19 152.59.222.51 - - [18/Feb/2026:18:03:11 +0530] "GET /login/txt/termsOfUse.txt?_=1771417991409 HTTP/1.1" 200 615 "https://mobileauth.ultimatix.net/mobileLogin/utxMSSOLogin/login?TYPE=33554432&REALMOID=06-000ae4de-e756-1f0c-bf11-abcbc0a8f0f1&GUID=&SMAUTHREASON=0&METHOD=GET&SMAGENTNAME=-SM-BZz3p2YLX66piomLR1x98LJE2uvNOinxjRxttc1%2b49T2eGPlHZcdCbGa6FaaISqC&TARGET=-SM-https%3a%2f%2fapp%2espeedappraisal%2eultimatix%2enet%2fperformancemgmt%2frest%2fmobile--login" "Mozilla/5.0 (iPhone; CPU iPhone OS 18_6 like Mac OS X) AppleWebKit/605.1.15 (KHTML, like Gecko) Mobile/15E148"
<150>Feb 18 18:03:11 CDCDRUXPUAMW05 httpd[662162]: 10.16.189.25 110.224.115.37 - - [18/Feb/2026:18:03:11 +0530] "GET /mobileLogin/utxMOTLLogin/validate HTTP/1.1" 200 48 "-" "Timesheet/8.1.0 (iPhone; iOS 18.7.1; Scale/3.00)"
<150>Feb 18 18:03:12 CDCUPGHDLSG03 httpd[103413]: 10.40.54.108 157.51.143.16 - nextgenghd.ultimatix.net - - [18/Feb/2026:18:03:12 +0530] "POST /NextGenGHDRFCService/rest/getOpenSourceProperties HTTP/1.1" 200 484 7 "https://nextgenghd.ultimatix.net/NextGenGHDUI/" "Mozilla/5.0 (X11; Linux x86_64) AppleWebKit/537.36 (KHTML, like Gecko) Chrome/144.0.0.0 Safari/537.36"
<150>Feb 18 18:03:12 CDCUPGHDLSG03 httpd[103413]: 10.40.54.103 152.59.222.129 - nextgenghd.ultimatix.net - - [18/Feb/2026:18:03:12 +0530] "POST /NextGenGHDIncidentService/rest/getUserCommentsForTicket HTTP/1.1" 200 28 10 "https://nextgenghd.ultimatix.net/NextGenGHDUI/" "Mozilla/5.0 (X11; Linux x86_64) AppleWebKit/537.36 (KHTML, like Gecko) Chrome/144.0.0.0 Safari/537.36"
<150>Feb 18 18:03:12 CDCUPGHDLSG03 httpd[103413]: 10.40.54.112 152.59.222.129 - nextgenghd.ultimatix.net - - [18/Feb/2026:18:03:12 +0530] "POST /NextGenGHDIncidentService/rest/getCallDetailedTrace HTTP/1.1" 200 392 14 "https://nextgenghd.ultimatix.net/NextGenGHDUI/" "Mozilla/5.0 (X11; Linux x86_64) AppleWebKit/537.36 (KHTML, like Gecko) Chrome/144.0.0.0 Safari/537.36"
<150>Feb 18 18:03:12 CDCUXPGHDW10 httpd[523684]: 10.40.54.112 103.120.51.122 - nextgenghd.ultimatix.net - - [18/Feb/2026:18:03:12 +0530] "POST /NextGenGHDIncidentService/rest/getAllCommonQTickets HTTP/1.1" 200 9776 57 "https://nextgenghd.ultimatix.net/NextGenGHDUI/" "Mozilla/5.0 (iPhone; CPU iPhone OS 26_2_0 like Mac OS X) AppleWebKit/605.1.15 (KHTML, like Gecko) CriOS/144.0.7559.95 Mobile/15E148 Safari/604.1"
<150>Feb 18 18:03:12 CDCDRCCSSMW63 httpd[648982]: 10.16.189.19 3.16.33.139 - - [18/Feb/2026:18:03:12 +0530] "GET /utxLogin/login?TYPE=33554432&REALMOID=06-4851731e-c332-41ff-8e7f-67ac1b92afdd&GUID=&SMAUTHREASON=0&METHOD=GET&SMAGENTNAME=-SM-6VPofsZ5c9apq2J9KuJLfAKpqhebVghTK7YbtC7eX1Zk5pA8CezlauHd4OvTs6eWpTaCXfaNG5Dw3ab4U%2bVoB2Esek%2fOt1KZ&TARGET=-SM-https%3a%2f%2ftimesheet%2eultimatix%2enet%2ftimesheet%2fresources%2flib%2fimg%2ffavicon%2eico HTTP/1.1" 200 28861 1652 0 "-" "Mozilla/5.0 (Macintosh; Intel Mac OS X 10_15_7) AppleWebKit/537.36 (KHTML, like Gecko) Chrome/120.0.0.0 Safari/537.36"
<150>Feb 18 18:03:12 CDCUXPNFRMSW3 httpd[2830752]: 10.40.54.111 193.105.74.58 - - [18/Feb/2026:18:03:12 +0530] "GET /UltimatixInformsIncomingSMS/sendSmsIncomingNotification?mappingid=03FAA962AAD71F90F15A8FAC430024C2&message=MCMR+126865+A&mobile=919972995984 HTTP/1.1" 200 - "-" "AHC/2.1" -- 0 @ 72407 --
<150>Feb 18 18:03:12 CDCDRUXPUAMW02 httpd[569103]: 10.16.189.18 191.233.197.224 - - [18/Feb/2026:18:03:12 +0530] "GET /login/txt/termsOfUse.txt?_=1771417989708 HTTP/1.1" 200 614 1524 0 "https://auth.ultimatix.net/utxLogin/login?TYPE=33554432&REALMOID=06-9ed1ab3e-4343-420c-b058-68beeef4c9ff&GUID=&SMAUTHREASON=0&METHOD=GET&SMAGENTNAME=-SM-hH4s%2bx89e0zLyyJB26KwxN5y7fGJNanRUhav0qPo%2f9tiGbWXhsZrLgoPW%2fGInc1a&TARGET=-SM-https%3a%2f%2fwww%2eultimatix%2enet%2futxHomeApp%2flogoutController" "Mozilla/5.0 (Windows NT 10.0; Win64; x64) AppleWebKit/537.36 (KHTML, like Gecko) Chrome/144.0.0.0 Safari/537.36"
<150>Feb 18 18:03:12 CDCDRUXPUAMW02 httpd[569103]: 10.16.189.23 191.233.197.224 - - [18/Feb/2026:18:03:12 +0530] "GET /login/txt/browserCompatibility.txt?_=1771417989709 HTTP/1.1" 200 199 1808 0 "https://auth.ultimatix.net/utxLogin/login?TYPE=33554432&REALMOID=06-9ed1ab3e-4343-420c-b058-68beeef4c9ff&GUID=&SMAUTHREASON=0&METHOD=GET&SMAGENTNAME=-SM-hH4s%2bx89e0zLyyJB26KwxN5y7fGJNanRUhav0qPo%2f9tiGbWXhsZrLgoPW%2fGInc1a&TARGET=-SM-https%3a%2f%2fwww%2eultimatix%2enet%2futxHomeApp%2flogoutController" "Mozilla/5.0 (Windows NT 10.0; Win64; x64) AppleWebKit/537.36 (KHTML, like Gecko) Chrome/144.0.0.0 Safari/537.36"
<150>Feb 18 18:03:12 CDCDRUXPUAMW04 httpd[13107]: 10.16.189.21 152.59.49.9 - - [18/Feb/2026:18:03:11 +0530] "GET /mobileLogin/utxMOTLLogin/validate HTTP/1.1" 200 48 "-" "Timesheet/8.1.0 (iPhone; iOS 18.5; Scale/3.00)"
<150>Feb 18 18:03:12 CDCDRUXPUAMW04 httpd[13107]: 10.16.189.14 157.32.135.24 - - [18/Feb/2026:18:03:12 +0530] "GET /login/txt/termsOfUse.txt?_=1771417991015 HTTP/1.1" 200 615 "https://mobileauth.ultimatix.net/mobileLogin/utxMSSOLogin/login?TYPE=33554432&REALMOID=06-000c4d1b-e019-118b-862c-abd6c0a80000&GUID=&SMAUTHREASON=0&METHOD=POST&SMAGENTNAME=-SM-R5Jt65MSg1JQNQ6ede8qEp6WZQO0DCBvfCV72UxN0b%2fXAe05%2bxngpsOSvNcFyoPZS62P9Oli%2bM%2fzYJXQWdwa3u2XSlejaSzn&TARGET=-SM-http%3a%2f%2fmtimesheet%2eultimatix%2enet%2fTimesheetService%2fmobilets%2f" "Mozilla/5.0 (Linux; Android 11; RMX1971 Build/RKQ1.201217.002; wv) AppleWebKit/537.36 (KHTML, like Gecko) Version/4.0 Chrome/144.0.7559.132 Mobile Safari/537.36"
<150>Feb 18 18:03:13 CDCDRUXPUAMW04 httpd[13107]: 10.16.189.18 152.58.178.143 - - [18/Feb/2026:18:03:13 +0530] "GET /mobileLogin/utxMOTLLogin/validate HTTP/1.1" 200 48 "-" "Mozilla/5.0 (Linux; Android 16; SM-M566B Build/BP2A.250605.031.A3; wv) AppleWebKit/537.36 (KHTML, like Gecko) Version/4.0 Chrome/145.0.7632.45 Mobile Safari/537.36"
<150>Feb 18 18:03:13 CDCDRUXPUAMW02 httpd[569103]: 10.16.189.19 102.68.115.212 - - [18/Feb/2026:18:03:13 +0530] "GET /login/txt/browserCompatibility.txt?_=1771417990907 HTTP/1.1" 200 199 1506 0 "https://auth.ultimatix.net/utxLogin/login?TYPE=33554432&REALMOID=06-000e128c-664b-1c1a-9ba7-abcac0a8f081&GUID=&SMAUTHREASON=0&METHOD=GET&SMAGENTNAME=-SM-hH4s%2bx89e0zLyyJB26KwxN5y7fGJNanRUhav0qPo%2f9tiGbWXhsZrLgoPW%2fGInc1a&TARGET=-SM-https%3a%2f%2fwww%2eultimatix%2enet%2futxHomeApp%2fredirectToHome" "Mozilla/5.0 (X11; Linux x86_64) AppleWebKit/537.36 (KHTML, like Gecko) Chrome/126.0.0.0 Safari/537.36"
<150>Feb 18 18:03:13 CDCDRUXPUAMW03 httpd[563513]: 10.16.189.11 103.175.108.180, 136.226.252.249 - - [18/Feb/2026:18:03:13 +0530] "GET /utxLogin/login?TYPE=33554432&REALMOID=06-000e128c-664b-1c1a-9ba7-abcac0a8f081&GUID=&SMAUTHREASON=0&METHOD=GET&SMAGENTNAME=-SM-hH4s%2bx89e0zLyyJB26KwxN5y7fGJNanRUhav0qPo%2f9tiGbWXhsZrLgoPW%2fGInc1a&TARGET=-SM-https%3a%2f%2fwww%2eultimatix%2enet%2futxHomeApp%2fredirectToHome HTTP/1.1" 200 28835 1676 0 "-" "Mozilla/5.0 (Windows NT 10.0; Win64; x64) AppleWebKit/537.36 (KHTML, like Gecko) Chrome/141.0.0.0 Safari/537.36"
<150>Feb 18 18:03:13 CDCUPGHDLSG03 httpd[103413]: 10.40.54.112 152.58.135.24 - nextgenghd.ultimatix.net - - [18/Feb/2026:18:03:13 +0530] "POST /NextGenGHDRFCService/rest/getOpenSourceProperties HTTP/1.1" 200 484 8 "https://nextgenghd.ultimatix.net/NextGenGHDUI/" "Mozilla/5.0 (Windows NT 10.0; Win64; x64) AppleWebKit/537.36 (KHTML, like Gecko) Chrome/145.0.0.0 Safari/537.36 Edg/145.0.0.0"
<150>Feb 18 18:03:13 CDCUPGHDLSG03 httpd[103413]: 10.40.54.113 152.58.135.24 - nextgenghd.ultimatix.net - - [18/Feb/2026:18:03:13 +0530] "POST /NextGenGHDRFCService/rest/getResolvedDate HTTP/1.1" 200 57 8 "https://nextgenghd.ultimatix.net/NextGenGHDUI/" "Mozilla/5.0 (Windows NT 10.0; Win64; x64) AppleWebKit/537.36 (KHTML, like Gecko) Chrome/145.0.0.0 Safari/537.36 Edg/145.0.0.0"
<150>Feb 18 18:03:13 CDCUPGHDLSG03 httpd[103413]: 10.40.54.100 152.58.135.24 - nextgenghd.ultimatix.net - - [18/Feb/2026:18:03:13 +0530] "POST /NextGenGHDRFCService/rest/getCIPVLeveldetail HTTP/1.1" 200 89 9 "https://nextgenghd.ultimatix.net/NextGenGHDUI/" "Mozilla/5.0 (Windows NT 10.0; Win64; x64) AppleWebKit/537.36 (KHTML, like Gecko) Chrome/145.0.0.0 Safari/537.36 Edg/145.0.0.0"
<150>Feb 18 18:03:13 CDCUPGHDLSG03 httpd[103413]: 10.40.54.112 152.58.135.24 - nextgenghd.ultimatix.net - - [18/Feb/2026:18:03:13 +0530] "POST /NextGenGHDRFCService/rest/getReferOriginalRFC HTTP/1.1" 200 28 11 "https://nextgenghd.ultimatix.net/NextGenGHDUI/" "Mozilla/5.0 (Windows NT 10.0; Win64; x64) AppleWebKit/537.36 (KHTML, like Gecko) Chrome/145.0.0.0 Safari/537.36 Edg/145.0.0.0"
<150>Feb 18 18:03:13 CDCUPGHDLSG03 httpd[103413]: 10.40.54.102 152.58.135.24 - nextgenghd.ultimatix.net - - [18/Feb/2026:18:03:13 +0530] "POST /NextGenGHDRFCService/rest/showRFCWorkflow HTTP/1.1" 200 446 19 "https://nextgenghd.ultimatix.net/NextGenGHDUI/" "Mozilla/5.0 (Windows NT 10.0; Win64; x64) AppleWebKit/537.36 (KHTML, like Gecko) Chrome/145.0.0.0 Safari/537.36 Edg/145.0.0.0"
<150>Feb 18 18:03:13 CDCUXPGHDW11 httpd[54817]: 10.40.54.107 130.41.149.9 - nextgenghd.ultimatix.net - - [18/Feb/2026:18:03:13 +0530] "POST /NextGenGHDIncidentService/rest/getMLEnabledISCatalogue HTTP/1.1" 200 30 18 "https://nextgenghd.ultimatix.net/NextGenGHDUI/" "Mozilla/5.0 (Windows NT 10.0; Win64; x64) AppleWebKit/537.36 (KHTML, like Gecko) Chrome/145.0.0.0 Safari/537.36"
<150>Feb 18 18:03:13 CDCDRUXPUAMW04 httpd[13107]: 10.16.189.21 122.171.17.164 - - [18/Feb/2026:18:03:13 +0530] "GET /login/txt/termsOfUse.txt?_=1771417993480 HTTP/1.1" 200 615 "https://mobileauth.ultimatix.net/mobileLogin/utxMSSOLogin/login?TYPE=33554432&REALMOID=06-00031f27-e517-1639-b1a8-04820a2880aa&GUID=&SMAUTHREASON=0&METHOD=GET&SMAGENTNAME=-SM-jdfWNwnDQQ7m%2bLMSv211VS8mQy8rD%2fO4Zl5TZSF5TyFiMBIvghk4EDHrwCCNaoCy&TARGET=-SM-http%3a%2f%2fetmsmobile%2eultimatix%2enet%2fmobileApp%2f" "Mozilla/5.0 (iPhone; CPU iPhone OS 18_7 like Mac OS X) AppleWebKit/605.1.15 (KHTML, like Gecko) Mobile/15E148"
<150>Feb 18 18:03:14 CDCDRUXPUAMW04 httpd[13107]: 10.16.189.19 20.225.132.84 - - [18/Feb/2026:18:03:14 +0530] "GET / HTTP/1.1" 200 1789 "-" "Azure Traffic Manager Endpoint Monitor"
<150>Feb 18 18:03:14 CDCDRCCSSMW63 httpd[648982]: 10.16.189.13 223.185.33.8, 167.103.27.5 - - [18/Feb/2026:18:03:14 +0530] "GET / HTTP/1.1" 200 1789 523 0 "-" "Mozilla/5.0 (Windows NT 10.0; Win64; x64) AppleWebKit/537.36 (KHTML, like Gecko) Chrome/141.0.0.0 Safari/537.36"
<150>Feb 18 18:03:15 CDCDRUXPUAMW04 httpd[13107]: 10.16.189.14 223.228.58.21 - - [18/Feb/2026:18:03:15 +0530] "GET /login/txt/termsOfUse.txt?_=1771417995184 HTTP/1.1" 200 615 "https://mobileauth.ultimatix.net/mobileLogin/utxMSSOLogin/login?TYPE=33554432&REALMOID=06-00031f27-e517-1639-b1a8-04820a2880aa&GUID=&SMAUTHREASON=0&METHOD=GET&SMAGENTNAME=-SM-jdfWNwnDQQ7m%2bLMSv211VS8mQy8rD%2fO4Zl5TZSF5TyFiMBIvghk4EDHrwCCNaoCy&TARGET=-SM-http%3a%2f%2fetmsmobile%2eultimatix%2enet%2fmobileApp%2f" "Mozilla/5.0 (iPhone; CPU iPhone OS 18_7 like Mac OS X) AppleWebKit/605.1.15 (KHTML, like Gecko) Mobile/15E148"
<150>Feb 18 18:03:15 CDCUPGHDLSG02 httpd[115721]: 10.40.54.107 170.225.12.33 - nextgenghd.ultimatix.net - - [18/Feb/2026:18:03:15 +0530] "POST /NextGenGHDRFCService/rest/getFieldGrpDetails HTTP/1.1" 200 1284 28 "https://nextgenghd.ultimatix.net/NextGenGHDUI/" "Mozilla/5.0 (Windows NT 10.0; Win64; x64) AppleWebKit/537.36 (KHTML, like Gecko) Chrome/145.0.0.0 Safari/537.36 Edg/145.0.0.0"
<150>Feb 18 18:03:15 CDCUPGHDLSG01 httpd[157169]: 10.40.54.114 17.233.103.151 2341859 nextgenghd.ultimatix.net - - [18/Feb/2026:18:03:15 +0530] "GET /NextGenGHDUI/rest/menu HTTP/1.1" 200 608 25 "https://nextgenghd.ultimatix.net/NextGenGHDUI/" "Mozilla/5.0 (Macintosh; Intel Mac OS X 10_15_7) AppleWebKit/537.36 (KHTML, like Gecko) Chrome/144.0.0.0 Safari/537.36"
<150>Feb 18 18:03:16 CDCUXPGHDW11 httpd[54817]: 10.40.54.103 152.58.57.200 2961072 nextgenghd.ultimatix.net - - [18/Feb/2026:18:03:16 +0530] "GET /NextGenGHDUI/ HTTP/1.1" 200 1323 70 "https://www.ultimatix.net/" "Mozilla/5.0 (Linux; Android 10; K) AppleWebKit/537.36 (KHTML, like Gecko) Chrome/142.0.0.0 Mobile Safari/537.36"
<150>Feb 18 18:03:16 CDCDRCCSSMW63 httpd[648982]: 10.16.189.21 152.58.181.117 - - [18/Feb/2026:18:03:16 +0530] "GET /utxLogin/login?TYPE=33554432&REALMOID=06-9ed1ab3e-4343-420c-b058-68beeef4c9ff&GUID=&SMAUTHREASON=0&METHOD=GET&SMAGENTNAME=-SM-hH4s%2bx89e0zLyyJB26KwxN5y7fGJNanRUhav0qPo%2f9tiGbWXhsZrLgoPW%2fGInc1a&TARGET=-SM-https%3a%2f%2fwww%2eultimatix%2enet%2fetc%2eclientlibs%2futxMobile%2fclientlibs%2fclientlib--angular5%2e3%2e0%2fresources%2fmanifest%2ejson HTTP/1.1" 200 28901 2034 0 "https://www.ultimatix.net/" "Mozilla/5.0 (Linux; Android 10; K) AppleWebKit/537.36 (KHTML, like Gecko) Chrome/145.0.0.0 Mobile Safari/537.36"
<150>Feb 18 18:03:16 CDCUXPGHDW10 httpd[523684]: 10.40.54.107 58.8.179.159 - nextgenghd.ultimatix.net - - [18/Feb/2026:18:03:16 +0530] "POST /NextGenGHDIncidentService/rest/getMLEnabledISCatalogue HTTP/1.1" 200 30 6 "https://nextgenghd.ultimatix.net/NextGenGHDUI/" "Mozilla/5.0 (iPhone; CPU iPhone OS 18_7 like Mac OS X) AppleWebKit/605.1.15 (KHTML, like Gecko) Version/26.2 Mobile/15E148 Safari/604.1"
<150>Feb 18 18:03:16 CDCDRCCSSMW63 httpd[648982]: 10.16.189.13 162.120.184.11 - - [18/Feb/2026:18:03:16 +0530] "GET /utxLogin/login?TYPE=33554432&REALMOID=06-000e128c-664b-1c1a-9ba7-abcac0a8f081&GUID=&SMAUTHREASON=0&METHOD=GET&SMAGENTNAME=-SM-hH4s%2bx89e0zLyyJB26KwxN5y7fGJNanRUhav0qPo%2f9tiGbWXhsZrLgoPW%2fGInc1a&TARGET=-SM-https%3a%2f%2fwww%2eultimatix%2enet%2futxHomeApp%2fredirectToHome HTTP/1.1" 200 28835 1661 0 "https://www.google.com/" "Mozilla/5.0 (Linux; Android 10; K) AppleWebKit/537.36 (KHTML, like Gecko) Chrome/144.0.0.0 Mobile Safari/537.36"
<150>Feb 18 18:03:16 CDCDRCCSSMW63 httpd[648982]: 10.16.189.12 170.105.8.99, 165.225.96.206 - - [18/Feb/2026:18:03:16 +0530] "GET /utxLogin/login?TYPE=33554432&REALMOID=06-4851731e-c332-41ff-8e7f-67ac1b92afdd&GUID=&SMAUTHREASON=0&METHOD=POST&SMAGENTNAME=-SM-6VPofsZ5c9apq2J9KuJLfAKpqhebVghTK7YbtC7eX1Zk5pA8CezlauHd4OvTs6eWpTaCXfaNG5Dw3ab4U%2bVoB2Esek%2fOt1KZ&TARGET=-SM-https%3a%2f%2ftimesheet%2eultimatix%2enet%2ftimesheet%2fjsp%2flogout%2fsession_timeout%2ejsp HTTP/1.1" 200 28860 1596 0 "https://timesheet.ultimatix.net/" "Mozilla/5.0 (Windows NT 10.0; Win64; x64) AppleWebKit/537.36 (KHTML, like Gecko) Chrome/144.0.0.0 Safari/537.36"
<150>Feb 18 18:03:17 CDCUPGHDLSG02 httpd[115721]: 10.40.54.109 198.28.69.5 - nextgenghd.ultimatix.net - - [18/Feb/2026:18:03:17 +0530] "POST /NextGenGHDRFCService/rest/viewUserInfo HTTP/1.1" 200 277 15 "https://nextgenghd.ultimatix.net/NextGenGHDUI/" "Mozilla/5.0 (Windows NT 10.0; Win64; x64) AppleWebKit/537.36 (KHTML, like Gecko) Chrome/145.0.0.0 Safari/537.36 Edg/145.0.0.0"
<150>Feb 18 18:03:17 CDCUXPGHDW11 httpd[54817]: 10.40.54.104 152.58.57.200 2961072 nextgenghd.ultimatix.net - - [18/Feb/2026:18:03:17 +0530] "GET /NextGenGHDUI/ HTTP/1.1" 200 1282 7 "https://nextgenghd.ultimatix.net/NextGenGHDUI/" "Mozilla/5.0 (Linux; Android 10; K) AppleWebKit/537.36 (KHTML, like Gecko) Chrome/142.0.0.0 Mobile Safari/537.36"
<150>Feb 18 18:03:17 CDCUXPGHDW11 httpd[54817]: 10.40.54.111 152.58.57.200 - nextgenghd.ultimatix.net - - [18/Feb/2026:18:03:17 +0530] "POST /NextGenGHDIncidentService/rest/getAllRestrictedItemsList HTTP/1.1" 200 37 11 "https://nextgenghd.ultimatix.net/NextGenGHDUI/" "Mozilla/5.0 (Linux; Android 10; K) AppleWebKit/537.36 (KHTML, like Gecko) Chrome/142.0.0.0 Mobile Safari/537.36"
<150>Feb 18 18:03:18 CDCDRCCSSMW63 httpd[648982]: 10.16.189.21 120.29.66.199, 136.226.228.209 - - [18/Feb/2026:18:03:18 +0530] "GET /login/css/Modified/style11.css?v=1.2 HTTP/1.1" 200 8593 1484 0 "https://auth.ultimatix.net/utxLogin/login?TYPE=33554432&REALMOID=06-000e128c-664b-1c1a-9ba7-abcac0a8f081&GUID=&SMAUTHREASON=0&METHOD=GET&SMAGENTNAME=-SM-EdbHMX6T%2BWb8DN7DVmL5sbY%2Bn%2B30S7n%2FgIBptYa9dLbudResX4AYm9ObPeNozoDH&TARGET=-SM-HTTPS%3A%2F%2Fwww.ultimatix.net%2FutxHomeApp%2FredirectToHome%3FTARGET%3Dhttps-%3A-%2F-%2Fwww.ultimatix.net-%2Fuxportal-%2Fuxportalhome.html-%2FMegamenu&fbclid=IwAR2OjBC8rW0owQvduaQxoqTJ6xxJJMBaEKoeUEnymnRwGc0Z5ULP2xxrXyc" "Mozilla/5.0 (Windows NT 10.0; Win64; x64) AppleWebKit/537.36 (KHTML, like Gecko) Chrome/144.0.0.0 Safari/537.36"
<150>Feb 18 18:03:18 CDCDRCCSSMW63 httpd[648982]: 10.16.189.15 170.105.8.99, 165.225.96.206 - - [18/Feb/2026:18:03:18 +0530] "GET /login/txt/browserCompatibility.txt?_=1771417997461 HTTP/1.1" 200 199 1760 0 "https://auth.ultimatix.net/utxLogin/login?TYPE=33554432&REALMOID=06-4851731e-c332-41ff-8e7f-67ac1b92afdd&GUID=&SMAUTHREASON=0&METHOD=POST&SMAGENTNAME=-SM-6VPofsZ5c9apq2J9KuJLfAKpqhebVghTK7YbtC7eX1Zk5pA8CezlauHd4OvTs6eWpTaCXfaNG5Dw3ab4U%2bVoB2Esek%2fOt1KZ&TARGET=-SM-https%3a%2f%2ftimesheet%2eultimatix%2enet%2ftimesheet%2fjsp%2flogout%2fsession_timeout%2ejsp" "Mozilla/5.0 (Windows NT 10.0; Win64; x64) AppleWebKit/537.36 (KHTML, like Gecko) Chrome/144.0.0.0 Safari/537.36"
<150>Feb 18 18:03:18 CDCDRCCSSMW63 httpd[648982]: 10.16.189.10 170.105.8.99, 165.225.96.206 - - [18/Feb/2026:18:03:18 +0530] "GET /login/txt/termsOfUse.txt?_=1771417997460 HTTP/1.1" 200 614 1965 0 "https://auth.ultimatix.net/utxLogin/login?TYPE=33554432&REALMOID=06-4851731e-c332-41ff-8e7f-67ac1b92afdd&GUID=&SMAUTHREASON=0&METHOD=POST&SMAGENTNAME=-SM-6VPofsZ5c9apq2J9KuJLfAKpqhebVghTK7YbtC7eX1Zk5pA8CezlauHd4OvTs6eWpTaCXfaNG5Dw3ab4U%2bVoB2Esek%2fOt1KZ&TARGET=-SM-https%3a%2f%2ftimesheet%2eultimatix%2enet%2ftimesheet%2fjsp%2flogout%2fsession_timeout%2ejsp" "Mozilla/5.0 (Windows NT 10.0; Win64; x64) AppleWebKit/537.36 (KHTML, like Gecko) Chrome/144.0.0.0 Safari/537.36"
<150>Feb 18 18:03:19 CDCUPGHDLSG03 httpd[103413]: 10.40.54.102 223.231.231.142 - nextgenghd.ultimatix.net - - [18/Feb/2026:18:03:19 +0530] "POST /NextGenGHDRFCService/rest/viewUserInfo HTTP/1.1" 200 274 12 "https://nextgenghd.ultimatix.net/NextGenGHDUI/" "Mozilla/5.0 (X11; Linux x86_64) AppleWebKit/537.36 (KHTML, like Gecko) Chrome/144.0.0.0 Safari/537.36"
<150>Feb 18 18:03:19 CDCUPGHDLSG03 httpd[103413]: 10.40.54.113 223.231.231.142 467621 nextgenghd.ultimatix.net - - [18/Feb/2026:18:03:19 +0530] "GET /NextGenGHDUI/rest/getversion HTTP/1.1" 200 55 35 "https://nextgenghd.ultimatix.net/NextGenGHDUI/" "Mozilla/5.0 (X11; Linux x86_64) AppleWebKit/537.36 (KHTML, like Gecko) Chrome/144.0.0.0 Safari/537.36"
<150>Feb 18 18:03:19 CDCUPGHDLSG03 httpd[103413]: 10.40.54.101 223.231.231.142 - nextgenghd.ultimatix.net - - [18/Feb/2026:18:03:19 +0530] "POST /NextGenGHDRFCService/rest/getUserType HTTP/1.1" 200 64 8 "https://nextgenghd.ultimatix.net/NextGenGHDUI/" "Mozilla/5.0 (X11; Linux x86_64) AppleWebKit/537.36 (KHTML, like Gecko) Chrome/144.0.0.0 Safari/537.36"
<150>Feb 18 18:03:19 CDCDRUXPUAMW05 httpd[662162]: 10.16.189.18 106.215.181.170 - - [18/Feb/2026:18:03:19 +0530] "GET /mobileLogin/utxMOTLLogin/validate HTTP/1.1" 200 48 "-" "Timesheet/8.1.0 (iPhone; iOS 26.0.1; Scale/3.00)"
<150>Feb 18 18:03:20 CDCDRUXPUAMW05 httpd[662162]: 10.16.189.15 157.50.144.42 - - [18/Feb/2026:18:03:19 +0530] "GET /mobileLogin/utxMOTLLogin/validate HTTP/1.1" 200 48 "-" "Mozilla/5.0 (Linux; Android 16; SM-S721B Build/BP2A.250605.031.A3; wv) AppleWebKit/537.36 (KHTML, like Gecko) Version/4.0 Chrome/144.0.7559.132 Mobile Safari/537.36"
<150>Feb 18 18:03:20 CDCDRUXPUAMW06 httpd[210633]: 10.16.189.21 152.57.131.74 - - [18/Feb/2026:18:03:19 +0530] "GET /mobileLogin/utxMOTLLogin/validate HTTP/1.1" 200 48 "-" "Mozilla/5.0 (Linux; Android 16; SM-S711B Build/BP2A.250605.031.A3; wv) AppleWebKit/537.36 (KHTML, like Gecko) Version/4.0 Chrome/145.0.7632.46 Mobile Safari/537.36"
<150>Feb 18 18:03:19 CDCUPGHDLSG04 httpd[1164047]: 10.40.54.114 123.63.241.211 - nextgenghd.ultimatix.net - - [18/Feb/2026:18:03:18 +0530] "POST /NextGenGHDRFCService/rest/viewAllCRinWorklist HTTP/1.1" 200 1369 1421 "https://nextgenghd.ultimatix.net/NextGenGHDUI/" "Mozilla/5.0 (Windows NT 10.0; Win64; x64) AppleWebKit/537.36 (KHTML, like Gecko) Chrome/145.0.0.0 Safari/537.36 Edg/145.0.0.0"
<150>Feb 18 18:03:19 CDCUPGHDLSG04 httpd[1164047]: 10.40.54.105 123.63.241.211 - nextgenghd.ultimatix.net - - [18/Feb/2026:18:03:19 +0530] "POST /NextGenGHDRFCService/rest/getOpenSourceProperties HTTP/1.1" 200 484 40 "https://nextgenghd.ultimatix.net/NextGenGHDUI/" "Mozilla/5.0 (Windows NT 10.0; Win64; x64) AppleWebKit/537.36 (KHTML, like Gecko) Chrome/145.0.0.0 Safari/537.36 Edg/145.0.0.0"
<150>Feb 18 18:03:20 CDCUPGHDLSG01 httpd[157169]: 10.40.54.108 17.233.103.151 - nextgenghd.ultimatix.net - - [18/Feb/2026:18:03:19 +0530] "POST /NextGenGHDRFCService/rest/getCipvDetailsForRFC HTTP/1.1" 200 152901 443 "https://nextgenghd.ultimatix.net/NextGenGHDUI/" "Mozilla/5.0 (Macintosh; Intel Mac OS X 10_15_7) AppleWebKit/537.36 (KHTML, like Gecko) Chrome/144.0.0.0 Safari/537.36"
<150>Feb 18 18:03:20 CDCDRUXPUAMW05 httpd[662162]: 10.16.189.21 162.235.194.120 - - [18/Feb/2026:18:03:20 +0530] "GET /login/txt/termsOfUse.txt?_=1771418000228 HTTP/1.1" 200 615 "https://mobileauth.ultimatix.net/mobileLogin/utxMSSOLogin/login?TYPE=33554432&REALMOID=06-000c4d1b-e019-118b-862c-abd6c0a80000&GUID=&SMAUTHREASON=0&METHOD=GET&SMAGENTNAME=-SM-R5Jt65MSg1JQNQ6ede8qEp6WZQO0DCBvfCV72UxN0b%2fXAe05%2bxngpsOSvNcFyoPZS62P9Oli%2bM%2fzYJXQWdwa3u2XSlejaSzn&TARGET=-SM-http%3a%2f%2fmtimesheet%2eultimatix%2enet%2fTimesheetService%2f" "Mozilla/5.0 (iPhone; CPU iPhone OS 18_7 like Mac OS X) AppleWebKit/605.1.15 (KHTML, like Gecko) Mobile/15E148"
<150>Feb 18 18:03:20 CDCDRCCSSMW63 httpd[648982]: 10.16.189.23 3.16.33.139 - - [18/Feb/2026:18:03:20 +0530] "GET /utxLogin/login?TYPE=33554432&REALMOID=06-4851731e-c332-41ff-8e7f-67ac1b92afdd&GUID=&SMAUTHREASON=0&METHOD=GET&SMAGENTNAME=-SM-6VPofsZ5c9apq2J9KuJLfAKpqhebVghTK7YbtC7eX1Zk5pA8CezlauHd4OvTs6eWpTaCXfaNG5Dw3ab4U%2bVoB2Esek%2fOt1KZ&TARGET=-SM-https%3a%2f%2ftimesheet%2eultimatix%2enet%2ftimesheet%2fresources%2flib%2fimg%2ffavicon%2eico HTTP/1.1" 200 28861 1821 0 "-" "Mozilla/5.0 (Macintosh; Intel Mac OS X 10_15_7) AppleWebKit/537.36 (KHTML, like Gecko) Chrome/120.0.0.0 Safari/537.36"
<150>Feb 18 18:03:20 CDCDRUXPUAMW02 httpd[569103]: 10.16.189.11 171.60.217.4 - - [18/Feb/2026:18:03:20 +0530] "GET /login/txt/browserCompatibility.txt?_=1771417995819 HTTP/1.1" 200 199 1782 0 "https://auth.ultimatix.net/utxLogin/login?TYPE=33554432&REALMOID=06-9374027c-7828-4b8f-9228-94f04c85cf02&GUID=&SMAUTHREASON=0&METHOD=GET&SMAGENTNAME=-SM-bTbWmMDaRO7AEhCWoLgifk03vMcg8mkpFSu%2bZ1pErxChZzvPeUME%2bBhFK4LomTnL&TARGET=-SM-HTTPS%3a%2f%2fsecureauthentication%2eultimatix%2enet%2fultimatix%2fredirect%2fredirect%2ejsp%3fSAMLRequest%3djZLbTsMwDIZfpcp9D0k72kbrpgFCIIEYW-%2BGCuzRzIVKblDgdiKen68ZJQhN3sWz-%2F-%2Fu0v0-%2Flb23hbsKiMLggNIuKBlmaj9FNB7ssLPyPz2RRF27COL3r3rFfw0gM6b2jUyPeZgvRWcyNQIdeiBeRO8vXi5pqzIOKdNc5I0xBvgQjWDaPOjMa-%2BBbsGu1US7lfXBXl2rkMehjtJ7ILOqq1wELyjFA3YQJo2FIOBkGUZO8kpzfM0zZOUTuIQ0RDvfHCltHDjJl9iIHsLuz7QTskxG-%2FSNU-%2B3wfAs0uFDU9StUuHeCYddXjZKjCzbqXhgrYVy9ILVoEIh3dV6QxequqgYDOfVZElE-%2FyTeJn8f1xI8TkdVRGsd0kg61uBSIagvf3Yg9XGl0QruCsIid-%2BBHzaVZSxuOY0yxII-%2FZIvOXhbqdK73kcO3K1L0J-%2BWZZLf3m7Lon38Ml1KCAHinycbn-%2FiOy4sPpmR2X8JteDERjjxB6pp-%2BNPF7BD-%2B-%
<150>Feb 18 18:03:21 CDCDRCCSSMW63 httpd[648982]: 10.16.189.19 106.66.39.251 - - [18/Feb/2026:18:03:20 +0530] "GET /utxLogin/login?TYPE=33554432&REALMOID=06-9ed1ab3e-4343-420c-b058-68beeef4c9ff&GUID=&SMAUTHREASON=0&METHOD=GET&SMAGENTNAME=-SM-hH4s%2bx89e0zLyyJB26KwxN5y7fGJNanRUhav0qPo%2f9tiGbWXhsZrLgoPW%2fGInc1a&TARGET=-SM-https%3a%2f%2fwww%2eultimatix%2enet%2fetc%2eclientlibs%2futxMobile%2fclientlibs%2fclientlib--angular5%2e3%2e0%2fresources%2fmanifest%2ejson HTTP/1.1" 200 28901 711364 0 "https://www.ultimatix.net/" "Mozilla/5.0 (Linux; Android 10; K) AppleWebKit/537.36 (KHTML, like Gecko) Chrome/145.0.0.0 Mobile Safari/537.36"
<150>Feb 18 18:03:21 CDCDRCCSSMW62 httpd[504425]: 10.16.189.10 106.219.224.117 - - [18/Feb/2026:18:03:19 +0530] "GET /utxLogin/login?TYPE=33554432&REALMOID=06-000e8164-f083-19f9-b7fe-abd2c0a8f061&GUID=&SMAUTHREASON=0&METHOD=GET&SMAGENTNAME=-SM-uqdYsjn4gm4mg63cPU17u3p6VC6ortMTJRbAxw%2fzYoN4SWzoYmJXz2D0RIew6%2f0L&TARGET=-SM-https%3a%2f%2fuxapps%2eultimatix%2enet%2f HTTP/1.1" 200 28811 1638347 1 "-" "Mozilla/5.0 (Linux; Android 10; K) AppleWebKit/537.36 (KHTML, like Gecko) Chrome/144.0.0.0 Mobile Safari/537.36"
<150>Feb 18 18:03:21 CDCDRUXPUAMW01 httpd[565869]: 10.16.189.19 36.255.90.29 - - [18/Feb/2026:18:03:21 +0530] "GET /OTD/getUserDetails?Appname=mediassist HTTP/1.1" 200 32 28180 0 "https://authapp.ultimatix.net/" "Mozilla/5.0 (Windows NT 10.0; Win64; x64) AppleWebKit/537.36 (KHTML, like Gecko) Chrome/145.0.0.0 Safari/537.36"
<150>Feb 18 18:03:21 CDCDRUXPUAMW05 httpd[662162]: 10.16.189.22 106.222.222.115 - - [18/Feb/2026:18:03:19 +0530] "GET /mobileLogin/utxMOTLLogin/validate HTTP/1.1" 200 48 "-" "Mozilla/5.0 (Linux; Android 15; moto g34 5G Build/V1UG35H.75-14-9-3-1; wv) AppleWebKit/537.36 (KHTML, like Gecko) Version/4.0 Chrome/144.0.7559.132 Mobile Safari/537.36"
<150>Feb 18 18:03:21 CDCDRUXPUAMW05 httpd[662162]: 10.16.189.10 106.76.160.75 - - [18/Feb/2026:18:03:20 +0530] "GET /mobileLogin/utxMOTLLogin/validate HTTP/1.1" 200 48 "-" "Mozilla/5.0 (Linux; Android 14; motorola edge 50 fusion Build/U2UUIS34.40-108-3-2; wv) AppleWebKit/537.36 (KHTML, like Gecko) Version/4.0 Chrome/144.0.7559.132 Mobile Safari/537.36"
<150>Feb 18 18:03:21 CDCDRUXPUAMW05 httpd[662162]: 10.16.189.10 223.231.166.222 - - [18/Feb/2026:18:03:21 +0530] "GET /login/txt/termsOfUse.txt?_=1771418002057 HTTP/1.1" 200 615 "https://mobileauth.ultimatix.net/mobileLogin/utxMSSOLogin/login?TYPE=33554432&REALMOID=06-000e62a0-ecb2-19f9-b7fe-abd2c0a8f061&GUID=0&SMAUTHREASON=0&METHOD=GET&SMAGENTNAME=-SM-buhG70yPdUzIzMgmN6Axy5KR7IdTQninOvyRTaFLZ1GKCgr9cpMgDvW1E7FosiLr8%2bLdRxjmKmT4%2b8XhdR6FsdfaaQUJC0eN&TARGET=-SM-http%3a%2f%2fm%2euxapps%2eultimatix%2enet%2fappmart%2f" "Mozilla/5.0 (Linux; Android 15; RMX3660 Build/AP3A.240617.008; wv) AppleWebKit/537.36 (KHTML, like Gecko) Version/4.0 Chrome/144.0.7559.132 Mobile Safari/537.36"
<150>Feb 18 18:03:21 CDCDRUXPUAMW06 httpd[210633]: 10.16.189.17 20.125.163.192 - - [18/Feb/2026:18:03:21 +0530] "GET / HTTP/1.1" 200 1789 "-" "Azure Traffic Manager Endpoint Monitor"
